// Jest Snapshot v1, https://goo.gl/fbAQLP

exports[`Article Card Component should match the snapshots 1`] = `
<div
  className="card mb-3"
  style={
    Object {
      "maxWidth": "100%",
    }
  }
>
  <div
    className="row no-gutters"
  >
    <div
      className="col-md-4"
    >
      <img
        alt="img"
        className="card-img"
        src="https://res.cloudinary.com/nexpals/image/upload/v1530951150/cover_z7omnk.jpg"
      />
    </div>
    <div
      className="col-md-8"
    >
      <div
        className="card-body"
      >
        <h5
          className="card-title"
        />
        <p
          className="card-text"
        />
        <p
          className="card-text"
        >
          <small
            className="text-muted"
          >
            Last updated
             
            a few seconds ago
          </small>
        </p>
      </div>
    </div>
  </div>
</div>
`;
