// Jest Snapshot v1, https://goo.gl/fbAQLP

exports[`Simple Button should match the snapshot 1`] = `
<button
  className="btn btn-primary btn-lg btn-block"
  disabled={false}
  onClick={[Function]}
  type="button"
>
  Submit
</button>
`;
