// Jest Snapshot v1, https://goo.gl/fbAQLP

exports[`Home container should match the snapshot 1`] = `
<div>
  <h1>
    Hello World
  </h1>
</div>
`;
